---
source: tests/cli.rs
expression: test_output
input_file: test-files/bool/not.lox
---
status: 0
stdout:
  - "false"
  - "true"
  - "true"
stderr: []
