---
source: src/interpreter.rs
expression: results
---
[
    Err(
        (
            true,
            false,
        ),
    ),
]
