---
source: src/parser.rs
expression: parser.parse()
---
Some(
    Literal {
        value: Nil,
    },
)
