---
source: src/expr.rs
expression: res
---
[
    Ok(
        "(* (- 123) 45.67)",
    ),
]
