---
source: src/interpreter.rs
expression: results
---
[
    Ok(
        (),
    ),
]
