---
source: src/parser.rs
expression: parser.parse()
---
Ok(
    [
        Expression {
            expr: Literal {
                value: Bool(
                    false,
                ),
            },
        },
    ],
)
